
==================== Parser ====================
module T15206 where
data Point = " a 2D point" Point !Int " x coord" !Int " y coord"


